1	5	KEYWORD		begin
3	3	KEYWORD		end
3	4	SEPARAT		.
3	6	EOF		End of File
