1	1	IDENTIF		a
1	2	SEPARAT		,
1	4	IDENTIF		b
1	5	SEPARAT		,
1	7	IDENTIF		c
