Error! Line: 1 Pos: 3 Msg: Syntax error in Integer number
