1
1	5	NONE		array
1	8	NONE		of
1	16	NONE		integer
1	17	NONE		;
