1
Error! Line: 1 Pos: 4 Msg: Syntax error in Real number
