1	5	NONE		begin
3	3	NONE		end
5	8	NONE		function
7	3	NONE		var
9	1	NONE		a
9	2	NONE		,
9	4	NONE		b
9	5	NONE		,
9	7	NONE		c
9	8	NONE		,
9	10	NONE		d
9	11	NONE		,
9	13	NONE		e
Error! Line: 11 Pos: 2 Msg: Expression expected
