1
1	4	NONE		char
Error! Line: 1 Pos: 6 Msg: Expression expected
