1
Error! Line: 1 Pos: 1 Msg: Illegal character in input file
